>>> add_integer = __import__('0-add_integer').add_integer
>>> add_integer(2, 8)
10
>>> add_integer(-5, 9)
4
>>> add_integer(9)
107
>>> add_integer(a)
Traceback (most recent call last):
  File "<stdin>", line 1, in <module>
NameError: name 'a' is not defined
>>> add_integer('a')
Traceback (most recent call last):
    raise TypeError("a must be an integer")
TypeError: a must be an integer